// Jest Snapshot v1, https://goo.gl/fbAQLP

exports[`should test searchScreen.js should display properly with default values 1`] = `
<div>
  <h1>
    SearchScreen
  </h1>
  <hr />
  <div
    class="row"
  >
    <div
      class="col-5"
    >
      <h4>
        Buscar
      </h4>
      <hr />
      <form
        aria-label="form"
      >
        <input
          autocomplete="off"
          class="form-control"
          name="searchText"
          placeholder="Buscar un héroe"
          type="text"
          value=""
        />
        <button
          class="btn btn-outline-primary mt-1"
          type="submit"
        >
          Buscar
        </button>
      </form>
    </div>
    <div
      class="col-7"
    >
      <h4>
        Resultados
      </h4>
      <hr />
      <div
        class="alert alert-info"
      >
        Buscar un héroe
      </div>
    </div>
  </div>
</div>
`;
